// Jest Snapshot v1, https://goo.gl/fbAQLP

exports[`generateConjugations — Central dialect ibia (ibia) 1`] = `
{
  "finished": {
    "anyi": "Anyị abiasiga",
    "i": "Ị biasi",
    "m": "A biasi m",
    "o": "Ọ biasi",
    "unu": "Ụnụ abiasiga",
    "wa": "Ha abiasiga",
  },
  "first": {
    "anyi": "biagode",
    "i": "biagode",
    "m": "—",
    "o": "—",
    "unu": "biagode",
    "wa": "—",
  },
  "forSomeone": {
    "anyi": "bianye",
    "i": "bianye",
    "m": "—",
    "o": "—",
    "unu": "bianye",
    "wa": "—",
  },
  "future": {
    "anyi": "Anyị ga abia",
    "i": "Ị ga abia",
    "m": "M ga abia",
    "o": "Ọ ga abia",
    "unu": "Ụnụ ga abia",
    "wa": "Ha ga abia",
  },
  "habitualPresent": {
    "anyi": "Anyị na abiakari",
    "i": "Ị na abiakari",
    "m": "A na m abiakari",
    "o": "Ọ na abiakari",
    "unu": "Ụnụ na abiakari",
    "wa": "Ha na abiakari",
  },
  "imperative": {
    "anyi": "Anyị bia",
    "i": "Ị bia",
    "m": "M bia",
    "o": "Ọ bia",
    "unu": "Ụnụ bia",
    "wa": "Ha bia",
  },
  "negativeFuture": {
    "anyi": "Anyị ma bia",
    "i": "Ị ma bia",
    "m": "M ma bia",
    "o": "Ọ ma bia",
    "unu": "Ụnụ ma bia",
    "wa": "Ha ma bia",
  },
  "negativeImperative": {
    "anyi": "Anyị abiana",
    "i": "Ị abiana",
    "m": "M abiana",
    "o": "Ọ abiana",
    "unu": "Ụnụ abiana",
    "wa": "Ha abiana",
  },
  "negativePast": {
    "anyi": "Anyị a biana",
    "i": "Ị biana",
    "m": "A biana m",
    "o": "Ọ biana",
    "unu": "Ụnụ a biana",
    "wa": "Ha a biana",
  },
  "negativePerfect": {
    "anyi": "Anyị adị́ká abia",
    "i": "Ị dị́ká abia",
    "m": "A dị́ká m abia",
    "o": "Ọ dị́ká abia",
    "unu": "Ụnụ adị́ká abia",
    "wa": "Ha adị́ká abia",
  },
  "neverPerfect": {
    "anyi": "Anyị bianene",
    "i": "Ị bianene",
    "m": "A bianene m",
    "o": "Ọ bianene",
    "unu": "Ụnụ bianene",
    "wa": "Ha bianene",
  },
  "past": {
    "anyi": "Anyị bia",
    "i": "Ị bia",
    "m": "A bia m",
    "o": "Ọ bia",
    "unu": "Ụnụ bia",
    "wa": "Ha bia",
  },
  "polite": {
    "anyi": "bianụ́",
    "i": "bianụ́",
    "m": "—",
    "o": "—",
    "unu": "bianụ́",
    "wa": "—",
  },
  "present": {
    "anyi": "Anyị na abia",
    "i": "Ị na abia",
    "m": "A na m abia",
    "o": "Ọ na abia",
    "unu": "Ụnụ na abia",
    "wa": "Ha na abia",
  },
  "presentPerfect": {
    "anyi": "Anyị abiaga",
    "i": "Ị bia",
    "m": "A bia m",
    "o": "Ọ bia",
    "unu": "Ụnụ abiaga",
    "wa": "Ha abiaga",
  },
  "together": {
    "anyi": "Anyị ga abiakota",
    "i": "Ị ga abiakota",
    "m": "M ga abiakota",
    "o": "Ọ ga abiakota",
    "unu": "Ụnụ ga abiakota",
    "wa": "Ha ga abiakota",
  },
}
`;

exports[`generateConjugations — Central dialect ide (ide) 1`] = `
{
  "finished": {
    "anyi": "Anyị edesiga",
    "i": "Ị desi",
    "m": "E desi m",
    "o": "Ọ desi",
    "unu": "Ụnụ edesiga",
    "wa": "Ha edesiga",
  },
  "first": {
    "anyi": "deegode",
    "i": "deegode",
    "m": "—",
    "o": "—",
    "unu": "deegode",
    "wa": "—",
  },
  "forSomeone": {
    "anyi": "deenye",
    "i": "deenye",
    "m": "—",
    "o": "—",
    "unu": "deenye",
    "wa": "—",
  },
  "future": {
    "anyi": "Anyị ga ede",
    "i": "Ị ga ede",
    "m": "M ga ede",
    "o": "Ọ ga ede",
    "unu": "Ụnụ ga ede",
    "wa": "Ha ga ede",
  },
  "habitualPresent": {
    "anyi": "Anyị na edekari",
    "i": "Ị na edekari",
    "m": "E na m edekari",
    "o": "Ọ na edekari",
    "unu": "Ụnụ na edekari",
    "wa": "Ha na edekari",
  },
  "imperative": {
    "anyi": "Anyị dee",
    "i": "Ị dee",
    "m": "M dee",
    "o": "Ọ dee",
    "unu": "Ụnụ dee",
    "wa": "Ha dee",
  },
  "negativeFuture": {
    "anyi": "Anyị ma de",
    "i": "Ị ma de",
    "m": "M ma de",
    "o": "Ọ ma de",
    "unu": "Ụnụ ma de",
    "wa": "Ha ma de",
  },
  "negativeImperative": {
    "anyi": "Anyị edene",
    "i": "Ị edene",
    "m": "M edene",
    "o": "Ọ edene",
    "unu": "Ụnụ edene",
    "wa": "Ha edene",
  },
  "negativePast": {
    "anyi": "Anyị e dene",
    "i": "Ị dene",
    "m": "E dene m",
    "o": "Ọ dene",
    "unu": "Ụnụ e dene",
    "wa": "Ha e dene",
  },
  "negativePerfect": {
    "anyi": "Anyị edị́ká ede",
    "i": "Ị dị́ká ede",
    "m": "E dị́ká m ede",
    "o": "Ọ dị́ká ede",
    "unu": "Ụnụ edị́ká ede",
    "wa": "Ha edị́ká ede",
  },
  "neverPerfect": {
    "anyi": "Anyị denene",
    "i": "Ị denene",
    "m": "E denene m",
    "o": "Ọ denene",
    "unu": "Ụnụ denene",
    "wa": "Ha denene",
  },
  "past": {
    "anyi": "Anyị de",
    "i": "Ị de",
    "m": "E de m",
    "o": "Ọ de",
    "unu": "Ụnụ de",
    "wa": "Ha de",
  },
  "polite": {
    "anyi": "deenụ́",
    "i": "deenụ́",
    "m": "—",
    "o": "—",
    "unu": "deenụ́",
    "wa": "—",
  },
  "present": {
    "anyi": "Anyị na ede",
    "i": "Ị na ede",
    "m": "E na m ede",
    "o": "Ọ na ede",
    "unu": "Ụnụ na ede",
    "wa": "Ha na ede",
  },
  "presentPerfect": {
    "anyi": "Anyị edega",
    "i": "Ị de",
    "m": "E de m",
    "o": "Ọ de",
    "unu": "Ụnụ edega",
    "wa": "Ha edega",
  },
  "together": {
    "anyi": "Anyị ga edekota",
    "i": "Ị ga edekota",
    "m": "M ga edekota",
    "o": "Ọ ga edekota",
    "unu": "Ụnụ ga edekota",
    "wa": "Ha ga edekota",
  },
}
`;

exports[`generateConjugations — Central dialect igbaOso (igba ọsọ) 1`] = `
{
  "finished": {
    "anyi": "Anyị agba ọsọsiga",
    "i": "Ị gba ọsọsi",
    "m": "A gba ọsọsi m",
    "o": "Ọ gba ọsọsi",
    "unu": "Ụnụ agba ọsọsiga",
    "wa": "Ha agba ọsọsiga",
  },
  "first": {
    "anyi": "gba ọsọagode",
    "i": "gba ọsọagode",
    "m": "—",
    "o": "—",
    "unu": "gba ọsọagode",
    "wa": "—",
  },
  "forSomeone": {
    "anyi": "gba ọsọanye",
    "i": "gba ọsọanye",
    "m": "—",
    "o": "—",
    "unu": "gba ọsọanye",
    "wa": "—",
  },
  "future": {
    "anyi": "Anyị ga agba ọsọ",
    "i": "Ị ga agba ọsọ",
    "m": "M ga agba ọsọ",
    "o": "Ọ ga agba ọsọ",
    "unu": "Ụnụ ga agba ọsọ",
    "wa": "Ha ga agba ọsọ",
  },
  "habitualPresent": {
    "anyi": "Anyị na agba ọsọkari",
    "i": "Ị na agba ọsọkari",
    "m": "A na m agba ọsọkari",
    "o": "Ọ na agba ọsọkari",
    "unu": "Ụnụ na agba ọsọkari",
    "wa": "Ha na agba ọsọkari",
  },
  "imperative": {
    "anyi": "Anyị gba ọsọa",
    "i": "Ị gba ọsọa",
    "m": "M gba ọsọa",
    "o": "Ọ gba ọsọa",
    "unu": "Ụnụ gba ọsọa",
    "wa": "Ha gba ọsọa",
  },
  "negativeFuture": {
    "anyi": "Anyị ma gba ọsọ",
    "i": "Ị ma gba ọsọ",
    "m": "M ma gba ọsọ",
    "o": "Ọ ma gba ọsọ",
    "unu": "Ụnụ ma gba ọsọ",
    "wa": "Ha ma gba ọsọ",
  },
  "negativeImperative": {
    "anyi": "Anyị agba ọsọna",
    "i": "Ị agba ọsọna",
    "m": "M agba ọsọna",
    "o": "Ọ agba ọsọna",
    "unu": "Ụnụ agba ọsọna",
    "wa": "Ha agba ọsọna",
  },
  "negativePast": {
    "anyi": "Anyị a gba ọsọna",
    "i": "Ị gba ọsọna",
    "m": "A gba ọsọna m",
    "o": "Ọ gba ọsọna",
    "unu": "Ụnụ a gba ọsọna",
    "wa": "Ha a gba ọsọna",
  },
  "negativePerfect": {
    "anyi": "Anyị adị́ká agba ọsọ",
    "i": "Ị dị́ká agba ọsọ",
    "m": "A dị́ká m agba ọsọ",
    "o": "Ọ dị́ká agba ọsọ",
    "unu": "Ụnụ adị́ká agba ọsọ",
    "wa": "Ha adị́ká agba ọsọ",
  },
  "neverPerfect": {
    "anyi": "Anyị gba ọsọnene",
    "i": "Ị gba ọsọnene",
    "m": "A gba ọsọnene m",
    "o": "Ọ gba ọsọnene",
    "unu": "Ụnụ gba ọsọnene",
    "wa": "Ha gba ọsọnene",
  },
  "past": {
    "anyi": "Anyị gba ọsọ",
    "i": "Ị gba ọsọ",
    "m": "A gba ọsọ m",
    "o": "Ọ gba ọsọ",
    "unu": "Ụnụ gba ọsọ",
    "wa": "Ha gba ọsọ",
  },
  "polite": {
    "anyi": "gba ọsọanụ́",
    "i": "gba ọsọanụ́",
    "m": "—",
    "o": "—",
    "unu": "gba ọsọanụ́",
    "wa": "—",
  },
  "present": {
    "anyi": "Anyị na agba ọsọ",
    "i": "Ị na agba ọsọ",
    "m": "A na m agba ọsọ",
    "o": "Ọ na agba ọsọ",
    "unu": "Ụnụ na agba ọsọ",
    "wa": "Ha na agba ọsọ",
  },
  "presentPerfect": {
    "anyi": "Anyị agba ọsọga",
    "i": "Ị gba ọsọ",
    "m": "A gba ọsọ m",
    "o": "Ọ gba ọsọ",
    "unu": "Ụnụ agba ọsọga",
    "wa": "Ha agba ọsọga",
  },
  "together": {
    "anyi": "Anyị ga agba ọsọkota",
    "i": "Ị ga agba ọsọkota",
    "m": "M ga agba ọsọkota",
    "o": "Ọ ga agba ọsọkota",
    "unu": "Ụnụ ga agba ọsọkota",
    "wa": "Ha ga agba ọsọkota",
  },
}
`;

exports[`generateConjugations — Central dialect ikwu (ikwu) 1`] = `
{
  "finished": {
    "anyi": "Anyị ekwusiga",
    "i": "Ị kwusi",
    "m": "E kwusi m",
    "o": "Ọ kwusi",
    "unu": "Ụnụ ekwusiga",
    "wa": "Ha ekwusiga",
  },
  "first": {
    "anyi": "kwuegode",
    "i": "kwuegode",
    "m": "—",
    "o": "—",
    "unu": "kwuegode",
    "wa": "—",
  },
  "forSomeone": {
    "anyi": "kwuenye",
    "i": "kwuenye",
    "m": "—",
    "o": "—",
    "unu": "kwuenye",
    "wa": "—",
  },
  "future": {
    "anyi": "Anyị ga ekwu",
    "i": "Ị ga ekwu",
    "m": "M ga ekwu",
    "o": "Ọ ga ekwu",
    "unu": "Ụnụ ga ekwu",
    "wa": "Ha ga ekwu",
  },
  "habitualPresent": {
    "anyi": "Anyị na ekwukari",
    "i": "Ị na ekwukari",
    "m": "E na m ekwukari",
    "o": "Ọ na ekwukari",
    "unu": "Ụnụ na ekwukari",
    "wa": "Ha na ekwukari",
  },
  "imperative": {
    "anyi": "Anyị kwue",
    "i": "Ị kwue",
    "m": "M kwue",
    "o": "Ọ kwue",
    "unu": "Ụnụ kwue",
    "wa": "Ha kwue",
  },
  "negativeFuture": {
    "anyi": "Anyị ma kwu",
    "i": "Ị ma kwu",
    "m": "M ma kwu",
    "o": "Ọ ma kwu",
    "unu": "Ụnụ ma kwu",
    "wa": "Ha ma kwu",
  },
  "negativeImperative": {
    "anyi": "Anyị ekwune",
    "i": "Ị ekwune",
    "m": "M ekwune",
    "o": "Ọ ekwune",
    "unu": "Ụnụ ekwune",
    "wa": "Ha ekwune",
  },
  "negativePast": {
    "anyi": "Anyị e kwune",
    "i": "Ị kwune",
    "m": "E kwune m",
    "o": "Ọ kwune",
    "unu": "Ụnụ e kwune",
    "wa": "Ha e kwune",
  },
  "negativePerfect": {
    "anyi": "Anyị edị́ká ekwu",
    "i": "Ị dị́ká ekwu",
    "m": "E dị́ká m ekwu",
    "o": "Ọ dị́ká ekwu",
    "unu": "Ụnụ edị́ká ekwu",
    "wa": "Ha edị́ká ekwu",
  },
  "neverPerfect": {
    "anyi": "Anyị kwunene",
    "i": "Ị kwunene",
    "m": "E kwunene m",
    "o": "Ọ kwunene",
    "unu": "Ụnụ kwunene",
    "wa": "Ha kwunene",
  },
  "past": {
    "anyi": "Anyị kwu",
    "i": "Ị kwu",
    "m": "E kwu m",
    "o": "Ọ kwu",
    "unu": "Ụnụ kwu",
    "wa": "Ha kwu",
  },
  "polite": {
    "anyi": "kwuenụ́",
    "i": "kwuenụ́",
    "m": "—",
    "o": "—",
    "unu": "kwuenụ́",
    "wa": "—",
  },
  "present": {
    "anyi": "Anyị na ekwu",
    "i": "Ị na ekwu",
    "m": "E na m ekwu",
    "o": "Ọ na ekwu",
    "unu": "Ụnụ na ekwu",
    "wa": "Ha na ekwu",
  },
  "presentPerfect": {
    "anyi": "Anyị ekwuga",
    "i": "Ị kwu",
    "m": "E kwu m",
    "o": "Ọ kwu",
    "unu": "Ụnụ ekwuga",
    "wa": "Ha ekwuga",
  },
  "together": {
    "anyi": "Anyị ga ekwukota",
    "i": "Ị ga ekwukota",
    "m": "M ga ekwukota",
    "o": "Ọ ga ekwukota",
    "unu": "Ụnụ ga ekwukota",
    "wa": "Ha ga ekwukota",
  },
}
`;

exports[`generateConjugations — Central dialect iri (irị) 1`] = `
{
  "finished": {
    "anyi": "Anyị arịsiga",
    "i": "Ị rịsi",
    "m": "A rịsi m",
    "o": "Ọ rịsi",
    "unu": "Ụnụ arịsiga",
    "wa": "Ha arịsiga",
  },
  "first": {
    "anyi": "rịagode",
    "i": "rịagode",
    "m": "—",
    "o": "—",
    "unu": "rịagode",
    "wa": "—",
  },
  "forSomeone": {
    "anyi": "rịanye",
    "i": "rịanye",
    "m": "—",
    "o": "—",
    "unu": "rịanye",
    "wa": "—",
  },
  "future": {
    "anyi": "Anyị ga arị",
    "i": "Ị ga arị",
    "m": "M ga arị",
    "o": "Ọ ga arị",
    "unu": "Ụnụ ga arị",
    "wa": "Ha ga arị",
  },
  "habitualPresent": {
    "anyi": "Anyị na arịkari",
    "i": "Ị na arịkari",
    "m": "A na m arịkari",
    "o": "Ọ na arịkari",
    "unu": "Ụnụ na arịkari",
    "wa": "Ha na arịkari",
  },
  "imperative": {
    "anyi": "Anyị rịa",
    "i": "Ị rịa",
    "m": "M rịa",
    "o": "Ọ rịa",
    "unu": "Ụnụ rịa",
    "wa": "Ha rịa",
  },
  "negativeFuture": {
    "anyi": "Anyị ma rị",
    "i": "Ị ma rị",
    "m": "M ma rị",
    "o": "Ọ ma rị",
    "unu": "Ụnụ ma rị",
    "wa": "Ha ma rị",
  },
  "negativeImperative": {
    "anyi": "Anyị arịna",
    "i": "Ị arịna",
    "m": "M arịna",
    "o": "Ọ arịna",
    "unu": "Ụnụ arịna",
    "wa": "Ha arịna",
  },
  "negativePast": {
    "anyi": "Anyị a rịna",
    "i": "Ị rịna",
    "m": "A rịna m",
    "o": "Ọ rịna",
    "unu": "Ụnụ a rịna",
    "wa": "Ha a rịna",
  },
  "negativePerfect": {
    "anyi": "Anyị adị́ká arị",
    "i": "Ị dị́ká arị",
    "m": "A dị́ká m arị",
    "o": "Ọ dị́ká arị",
    "unu": "Ụnụ adị́ká arị",
    "wa": "Ha adị́ká arị",
  },
  "neverPerfect": {
    "anyi": "Anyị rịnene",
    "i": "Ị rịnene",
    "m": "A rịnene m",
    "o": "Ọ rịnene",
    "unu": "Ụnụ rịnene",
    "wa": "Ha rịnene",
  },
  "past": {
    "anyi": "Anyị rị",
    "i": "Ị rị",
    "m": "A rị m",
    "o": "Ọ rị",
    "unu": "Ụnụ rị",
    "wa": "Ha rị",
  },
  "polite": {
    "anyi": "rịanụ́",
    "i": "rịanụ́",
    "m": "—",
    "o": "—",
    "unu": "rịanụ́",
    "wa": "—",
  },
  "present": {
    "anyi": "Anyị na arị",
    "i": "Ị na arị",
    "m": "A na m arị",
    "o": "Ọ na arị",
    "unu": "Ụnụ na arị",
    "wa": "Ha na arị",
  },
  "presentPerfect": {
    "anyi": "Anyị arịga",
    "i": "Ị rị",
    "m": "A rị m",
    "o": "Ọ rị",
    "unu": "Ụnụ arịga",
    "wa": "Ha arịga",
  },
  "together": {
    "anyi": "Anyị ga arịkota",
    "i": "Ị ga arịkota",
    "m": "M ga arịkota",
    "o": "Ọ ga arịkota",
    "unu": "Ụnụ ga arịkota",
    "wa": "Ha ga arịkota",
  },
}
`;

exports[`generateConjugations — Delta dialect ibia (ibia) 1`] = `
{
  "finished": {
    "anyi": "Anyi abiasiga",
    "i": "I biasi",
    "m": "A biasi m",
    "o": "O biasi",
    "unu": "Unu abiasiga",
    "wa": "Wa abiasiga",
  },
  "first": {
    "anyi": "biagode",
    "i": "biagode",
    "m": "—",
    "o": "—",
    "unu": "biagode",
    "wa": "—",
  },
  "forSomeone": {
    "anyi": "bianye",
    "i": "bianye",
    "m": "—",
    "o": "—",
    "unu": "bianye",
    "wa": "—",
  },
  "future": {
    "anyi": "Anyi ga abia",
    "i": "I ga abia",
    "m": "M ga abia",
    "o": "O ga abia",
    "unu": "Unu ga abia",
    "wa": "Wa ga abia",
  },
  "habitualPresent": {
    "anyi": "Anyi na abiakari",
    "i": "I na abiakari",
    "m": "A na m abiakari",
    "o": "O na abiakari",
    "unu": "Unu na abiakari",
    "wa": "Wa na abiakari",
  },
  "imperative": {
    "anyi": "Anyi bia",
    "i": "I bia",
    "m": "M bia",
    "o": "O bia",
    "unu": "Unu bia",
    "wa": "Wa bia",
  },
  "negativeFuture": {
    "anyi": "Anyi ma bia",
    "i": "I ma bia",
    "m": "M ma bia",
    "o": "O ma bia",
    "unu": "Unu ma bia",
    "wa": "Wa ma bia",
  },
  "negativeImperative": {
    "anyi": "Anyi abiana",
    "i": "I abiana",
    "m": "M abiana",
    "o": "O abiana",
    "unu": "Unu abiana",
    "wa": "Wa abiana",
  },
  "negativePast": {
    "anyi": "Anyi a biana",
    "i": "I biana",
    "m": "A biana m",
    "o": "O biana",
    "unu": "Unu a biana",
    "wa": "Wa a biana",
  },
  "negativePerfect": {
    "anyi": "Anyi adika abia",
    "i": "I dika abia",
    "m": "A dika m abia",
    "o": "O dika abia",
    "unu": "Unu adika abia",
    "wa": "Wa adika abia",
  },
  "neverPerfect": {
    "anyi": "Anyi bianene",
    "i": "I bianene",
    "m": "A bianene m",
    "o": "O bianene",
    "unu": "Unu bianene",
    "wa": "Wa bianene",
  },
  "past": {
    "anyi": "Anyi bia",
    "i": "I bia",
    "m": "A bia m",
    "o": "O bia",
    "unu": "Unu bia",
    "wa": "Wa bia",
  },
  "polite": {
    "anyi": "bianụ́",
    "i": "bianụ́",
    "m": "—",
    "o": "—",
    "unu": "bianụ́",
    "wa": "—",
  },
  "present": {
    "anyi": "Anyi na abia",
    "i": "I na abia",
    "m": "A na m abia",
    "o": "O na abia",
    "unu": "Unu na abia",
    "wa": "Wa na abia",
  },
  "presentPerfect": {
    "anyi": "Anyi abiaga",
    "i": "I bia",
    "m": "A bia m",
    "o": "O bia",
    "unu": "Unu abiaga",
    "wa": "Wa abiaga",
  },
  "together": {
    "anyi": "Anyi ga abiakota",
    "i": "I ga abiakota",
    "m": "M ga abiakota",
    "o": "O ga abiakota",
    "unu": "Unu ga abiakota",
    "wa": "Wa ga abiakota",
  },
}
`;

exports[`generateConjugations — Delta dialect ide (ide) 1`] = `
{
  "finished": {
    "anyi": "Anyi edesiga",
    "i": "I desi",
    "m": "E desi m",
    "o": "O desi",
    "unu": "Unu edesiga",
    "wa": "Wa edesiga",
  },
  "first": {
    "anyi": "deegode",
    "i": "deegode",
    "m": "—",
    "o": "—",
    "unu": "deegode",
    "wa": "—",
  },
  "forSomeone": {
    "anyi": "deenye",
    "i": "deenye",
    "m": "—",
    "o": "—",
    "unu": "deenye",
    "wa": "—",
  },
  "future": {
    "anyi": "Anyi ga ede",
    "i": "I ga ede",
    "m": "M ga ede",
    "o": "O ga ede",
    "unu": "Unu ga ede",
    "wa": "Wa ga ede",
  },
  "habitualPresent": {
    "anyi": "Anyi na edekari",
    "i": "I na edekari",
    "m": "E na m edekari",
    "o": "O na edekari",
    "unu": "Unu na edekari",
    "wa": "Wa na edekari",
  },
  "imperative": {
    "anyi": "Anyi dee",
    "i": "I dee",
    "m": "M dee",
    "o": "O dee",
    "unu": "Unu dee",
    "wa": "Wa dee",
  },
  "negativeFuture": {
    "anyi": "Anyi ma de",
    "i": "I ma de",
    "m": "M ma de",
    "o": "O ma de",
    "unu": "Unu ma de",
    "wa": "Wa ma de",
  },
  "negativeImperative": {
    "anyi": "Anyi edene",
    "i": "I edene",
    "m": "M edene",
    "o": "O edene",
    "unu": "Unu edene",
    "wa": "Wa edene",
  },
  "negativePast": {
    "anyi": "Anyi e dene",
    "i": "I dene",
    "m": "E dene m",
    "o": "O dene",
    "unu": "Unu e dene",
    "wa": "Wa e dene",
  },
  "negativePerfect": {
    "anyi": "Anyi edika ede",
    "i": "I dika ede",
    "m": "E dika m ede",
    "o": "O dika ede",
    "unu": "Unu edika ede",
    "wa": "Wa edika ede",
  },
  "neverPerfect": {
    "anyi": "Anyi denene",
    "i": "I denene",
    "m": "E denene m",
    "o": "O denene",
    "unu": "Unu denene",
    "wa": "Wa denene",
  },
  "past": {
    "anyi": "Anyi de",
    "i": "I de",
    "m": "E de m",
    "o": "O de",
    "unu": "Unu de",
    "wa": "Wa de",
  },
  "polite": {
    "anyi": "deenụ́",
    "i": "deenụ́",
    "m": "—",
    "o": "—",
    "unu": "deenụ́",
    "wa": "—",
  },
  "present": {
    "anyi": "Anyi na ede",
    "i": "I na ede",
    "m": "E na m ede",
    "o": "O na ede",
    "unu": "Unu na ede",
    "wa": "Wa na ede",
  },
  "presentPerfect": {
    "anyi": "Anyi edega",
    "i": "I de",
    "m": "E de m",
    "o": "O de",
    "unu": "Unu edega",
    "wa": "Wa edega",
  },
  "together": {
    "anyi": "Anyi ga edekota",
    "i": "I ga edekota",
    "m": "M ga edekota",
    "o": "O ga edekota",
    "unu": "Unu ga edekota",
    "wa": "Wa ga edekota",
  },
}
`;

exports[`generateConjugations — Delta dialect igbaOso (igba ọsọ) 1`] = `
{
  "finished": {
    "anyi": "Anyi agba ọsọsiga",
    "i": "I gba ọsọsi",
    "m": "A gba ọsọsi m",
    "o": "O gba ọsọsi",
    "unu": "Unu agba ọsọsiga",
    "wa": "Wa agba ọsọsiga",
  },
  "first": {
    "anyi": "gba ọsọagode",
    "i": "gba ọsọagode",
    "m": "—",
    "o": "—",
    "unu": "gba ọsọagode",
    "wa": "—",
  },
  "forSomeone": {
    "anyi": "gba ọsọanye",
    "i": "gba ọsọanye",
    "m": "—",
    "o": "—",
    "unu": "gba ọsọanye",
    "wa": "—",
  },
  "future": {
    "anyi": "Anyi ga agba ọsọ",
    "i": "I ga agba ọsọ",
    "m": "M ga agba ọsọ",
    "o": "O ga agba ọsọ",
    "unu": "Unu ga agba ọsọ",
    "wa": "Wa ga agba ọsọ",
  },
  "habitualPresent": {
    "anyi": "Anyi na agba ọsọkari",
    "i": "I na agba ọsọkari",
    "m": "A na m agba ọsọkari",
    "o": "O na agba ọsọkari",
    "unu": "Unu na agba ọsọkari",
    "wa": "Wa na agba ọsọkari",
  },
  "imperative": {
    "anyi": "Anyi gba ọsọa",
    "i": "I gba ọsọa",
    "m": "M gba ọsọa",
    "o": "O gba ọsọa",
    "unu": "Unu gba ọsọa",
    "wa": "Wa gba ọsọa",
  },
  "negativeFuture": {
    "anyi": "Anyi ma gba ọsọ",
    "i": "I ma gba ọsọ",
    "m": "M ma gba ọsọ",
    "o": "O ma gba ọsọ",
    "unu": "Unu ma gba ọsọ",
    "wa": "Wa ma gba ọsọ",
  },
  "negativeImperative": {
    "anyi": "Anyi agba ọsọna",
    "i": "I agba ọsọna",
    "m": "M agba ọsọna",
    "o": "O agba ọsọna",
    "unu": "Unu agba ọsọna",
    "wa": "Wa agba ọsọna",
  },
  "negativePast": {
    "anyi": "Anyi a gba ọsọna",
    "i": "I gba ọsọna",
    "m": "A gba ọsọna m",
    "o": "O gba ọsọna",
    "unu": "Unu a gba ọsọna",
    "wa": "Wa a gba ọsọna",
  },
  "negativePerfect": {
    "anyi": "Anyi adika agba ọsọ",
    "i": "I dika agba ọsọ",
    "m": "A dika m agba ọsọ",
    "o": "O dika agba ọsọ",
    "unu": "Unu adika agba ọsọ",
    "wa": "Wa adika agba ọsọ",
  },
  "neverPerfect": {
    "anyi": "Anyi gba ọsọnene",
    "i": "I gba ọsọnene",
    "m": "A gba ọsọnene m",
    "o": "O gba ọsọnene",
    "unu": "Unu gba ọsọnene",
    "wa": "Wa gba ọsọnene",
  },
  "past": {
    "anyi": "Anyi gba ọsọ",
    "i": "I gba ọsọ",
    "m": "A gba ọsọ m",
    "o": "O gba ọsọ",
    "unu": "Unu gba ọsọ",
    "wa": "Wa gba ọsọ",
  },
  "polite": {
    "anyi": "gba ọsọanụ́",
    "i": "gba ọsọanụ́",
    "m": "—",
    "o": "—",
    "unu": "gba ọsọanụ́",
    "wa": "—",
  },
  "present": {
    "anyi": "Anyi na agba ọsọ",
    "i": "I na agba ọsọ",
    "m": "A na m agba ọsọ",
    "o": "O na agba ọsọ",
    "unu": "Unu na agba ọsọ",
    "wa": "Wa na agba ọsọ",
  },
  "presentPerfect": {
    "anyi": "Anyi agba ọsọga",
    "i": "I gba ọsọ",
    "m": "A gba ọsọ m",
    "o": "O gba ọsọ",
    "unu": "Unu agba ọsọga",
    "wa": "Wa agba ọsọga",
  },
  "together": {
    "anyi": "Anyi ga agba ọsọkota",
    "i": "I ga agba ọsọkota",
    "m": "M ga agba ọsọkota",
    "o": "O ga agba ọsọkota",
    "unu": "Unu ga agba ọsọkota",
    "wa": "Wa ga agba ọsọkota",
  },
}
`;

exports[`generateConjugations — Delta dialect ikwu (ikwu) 1`] = `
{
  "finished": {
    "anyi": "Anyi ekwusiga",
    "i": "I kwusi",
    "m": "E kwusi m",
    "o": "O kwusi",
    "unu": "Unu ekwusiga",
    "wa": "Wa ekwusiga",
  },
  "first": {
    "anyi": "kwuegode",
    "i": "kwuegode",
    "m": "—",
    "o": "—",
    "unu": "kwuegode",
    "wa": "—",
  },
  "forSomeone": {
    "anyi": "kwuenye",
    "i": "kwuenye",
    "m": "—",
    "o": "—",
    "unu": "kwuenye",
    "wa": "—",
  },
  "future": {
    "anyi": "Anyi ga ekwu",
    "i": "I ga ekwu",
    "m": "M ga ekwu",
    "o": "O ga ekwu",
    "unu": "Unu ga ekwu",
    "wa": "Wa ga ekwu",
  },
  "habitualPresent": {
    "anyi": "Anyi na ekwukari",
    "i": "I na ekwukari",
    "m": "E na m ekwukari",
    "o": "O na ekwukari",
    "unu": "Unu na ekwukari",
    "wa": "Wa na ekwukari",
  },
  "imperative": {
    "anyi": "Anyi kwue",
    "i": "I kwue",
    "m": "M kwue",
    "o": "O kwue",
    "unu": "Unu kwue",
    "wa": "Wa kwue",
  },
  "negativeFuture": {
    "anyi": "Anyi ma kwu",
    "i": "I ma kwu",
    "m": "M ma kwu",
    "o": "O ma kwu",
    "unu": "Unu ma kwu",
    "wa": "Wa ma kwu",
  },
  "negativeImperative": {
    "anyi": "Anyi ekwune",
    "i": "I ekwune",
    "m": "M ekwune",
    "o": "O ekwune",
    "unu": "Unu ekwune",
    "wa": "Wa ekwune",
  },
  "negativePast": {
    "anyi": "Anyi e kwune",
    "i": "I kwune",
    "m": "E kwune m",
    "o": "O kwune",
    "unu": "Unu e kwune",
    "wa": "Wa e kwune",
  },
  "negativePerfect": {
    "anyi": "Anyi edika ekwu",
    "i": "I dika ekwu",
    "m": "E dika m ekwu",
    "o": "O dika ekwu",
    "unu": "Unu edika ekwu",
    "wa": "Wa edika ekwu",
  },
  "neverPerfect": {
    "anyi": "Anyi kwunene",
    "i": "I kwunene",
    "m": "E kwunene m",
    "o": "O kwunene",
    "unu": "Unu kwunene",
    "wa": "Wa kwunene",
  },
  "past": {
    "anyi": "Anyi kwu",
    "i": "I kwu",
    "m": "E kwu m",
    "o": "O kwu",
    "unu": "Unu kwu",
    "wa": "Wa kwu",
  },
  "polite": {
    "anyi": "kwuenụ́",
    "i": "kwuenụ́",
    "m": "—",
    "o": "—",
    "unu": "kwuenụ́",
    "wa": "—",
  },
  "present": {
    "anyi": "Anyi na ekwu",
    "i": "I na ekwu",
    "m": "E na m ekwu",
    "o": "O na ekwu",
    "unu": "Unu na ekwu",
    "wa": "Wa na ekwu",
  },
  "presentPerfect": {
    "anyi": "Anyi ekwuga",
    "i": "I kwu",
    "m": "E kwu m",
    "o": "O kwu",
    "unu": "Unu ekwuga",
    "wa": "Wa ekwuga",
  },
  "together": {
    "anyi": "Anyi ga ekwukota",
    "i": "I ga ekwukota",
    "m": "M ga ekwukota",
    "o": "O ga ekwukota",
    "unu": "Unu ga ekwukota",
    "wa": "Wa ga ekwukota",
  },
}
`;

exports[`generateConjugations — Delta dialect iri (irị) 1`] = `
{
  "finished": {
    "anyi": "Anyi arịsiga",
    "i": "I rịsi",
    "m": "A rịsi m",
    "o": "O rịsi",
    "unu": "Unu arịsiga",
    "wa": "Wa arịsiga",
  },
  "first": {
    "anyi": "rịagode",
    "i": "rịagode",
    "m": "—",
    "o": "—",
    "unu": "rịagode",
    "wa": "—",
  },
  "forSomeone": {
    "anyi": "rịanye",
    "i": "rịanye",
    "m": "—",
    "o": "—",
    "unu": "rịanye",
    "wa": "—",
  },
  "future": {
    "anyi": "Anyi ga arị",
    "i": "I ga arị",
    "m": "M ga arị",
    "o": "O ga arị",
    "unu": "Unu ga arị",
    "wa": "Wa ga arị",
  },
  "habitualPresent": {
    "anyi": "Anyi na arịkari",
    "i": "I na arịkari",
    "m": "A na m arịkari",
    "o": "O na arịkari",
    "unu": "Unu na arịkari",
    "wa": "Wa na arịkari",
  },
  "imperative": {
    "anyi": "Anyi rịa",
    "i": "I rịa",
    "m": "M rịa",
    "o": "O rịa",
    "unu": "Unu rịa",
    "wa": "Wa rịa",
  },
  "negativeFuture": {
    "anyi": "Anyi ma rị",
    "i": "I ma rị",
    "m": "M ma rị",
    "o": "O ma rị",
    "unu": "Unu ma rị",
    "wa": "Wa ma rị",
  },
  "negativeImperative": {
    "anyi": "Anyi arịna",
    "i": "I arịna",
    "m": "M arịna",
    "o": "O arịna",
    "unu": "Unu arịna",
    "wa": "Wa arịna",
  },
  "negativePast": {
    "anyi": "Anyi a rịna",
    "i": "I rịna",
    "m": "A rịna m",
    "o": "O rịna",
    "unu": "Unu a rịna",
    "wa": "Wa a rịna",
  },
  "negativePerfect": {
    "anyi": "Anyi adika arị",
    "i": "I dika arị",
    "m": "A dika m arị",
    "o": "O dika arị",
    "unu": "Unu adika arị",
    "wa": "Wa adika arị",
  },
  "neverPerfect": {
    "anyi": "Anyi rịnene",
    "i": "I rịnene",
    "m": "A rịnene m",
    "o": "O rịnene",
    "unu": "Unu rịnene",
    "wa": "Wa rịnene",
  },
  "past": {
    "anyi": "Anyi rị",
    "i": "I rị",
    "m": "A rị m",
    "o": "O rị",
    "unu": "Unu rị",
    "wa": "Wa rị",
  },
  "polite": {
    "anyi": "rịanụ́",
    "i": "rịanụ́",
    "m": "—",
    "o": "—",
    "unu": "rịanụ́",
    "wa": "—",
  },
  "present": {
    "anyi": "Anyi na arị",
    "i": "I na arị",
    "m": "A na m arị",
    "o": "O na arị",
    "unu": "Unu na arị",
    "wa": "Wa na arị",
  },
  "presentPerfect": {
    "anyi": "Anyi arịga",
    "i": "I rị",
    "m": "A rị m",
    "o": "O rị",
    "unu": "Unu arịga",
    "wa": "Wa arịga",
  },
  "together": {
    "anyi": "Anyi ga arịkota",
    "i": "I ga arịkota",
    "m": "M ga arịkota",
    "o": "O ga arịkota",
    "unu": "Unu ga arịkota",
    "wa": "Wa ga arịkota",
  },
}
`;
