// Jest Snapshot v1, https://goo.gl/fbAQLP

exports[`generateConjugations — Central dialect ibia (ibia) 1`] = `
{
  "finished": {
    "anyi": "Anyị abiasiga",
    "i": "Ị biasi",
    "m": "A biasi m",
    "o": "Ọ biasi",
    "unu": "Ụnụ abiasiga",
    "wa": "Ha abiasiga",
  },
  "first": {
    "anyi": "bianugode",
    "i": "biagode",
    "m": "—",
    "o": "—",
    "unu": "biaenugode",
    "wa": "—",
  },
  "forSomeone": {
    "anyi": "bianunye",
    "i": "bianye",
    "m": "—",
    "o": "—",
    "unu": "biaenunye",
    "wa": "—",
  },
  "future": {
    "anyi": "Anyị ga abia",
    "i": "Ị ga abia",
    "m": "M ga abia",
    "o": "Ọ ga abia",
    "unu": "Ụnụ ga abia",
    "wa": "Ha ga abia",
  },
  "habitualPresent": {
    "anyi": "Anyị na abiakari",
    "i": "Ị na abiakari",
    "m": "A na m abiakari",
    "o": "Ọ na abiakari",
    "unu": "Ụnụ na abiakari",
    "wa": "Ha na abiakari",
  },
  "imperative": {
    "anyi": "bianu",
    "i": "bia",
    "m": "—",
    "o": "—",
    "unu": "biaenu",
    "wa": "—",
  },
  "negativeFuture": {
    "anyi": "Anyị ma bia",
    "i": "Ị ma bia",
    "m": "M ma bia",
    "o": "Ọ ma bia",
    "unu": "Ụnụ ma bia",
    "wa": "Ha ma bia",
  },
  "negativeImperative": {
    "anyi": "abiana",
    "i": "abiana",
    "m": "—",
    "o": "—",
    "unu": "abiana",
    "wa": "—",
  },
  "negativePast": {
    "anyi": "Anyị a biana",
    "i": "Ị biana",
    "m": "A biana m",
    "o": "Ọ biana",
    "unu": "Ụnụ a biana",
    "wa": "Ha a biana",
  },
  "negativePerfect": {
    "anyi": "Anyị adị́ká abia",
    "i": "Ị dị́ká abia",
    "m": "A dị́ká m abia",
    "o": "Ọ dị́ká abia",
    "unu": "Ụnụ adị́ká abia",
    "wa": "Ha adị́ká abia",
  },
  "neverPerfect": {
    "anyi": "Anyị bianene",
    "i": "Ị bianene",
    "m": "A bianene m",
    "o": "Ọ bianene",
    "unu": "Ụnụ bianene",
    "wa": "Ha bianene",
  },
  "past": {
    "anyi": "Anyị bia",
    "i": "Ị bia",
    "m": "A bia m",
    "o": "Ọ bia",
    "unu": "Ụnụ bia",
    "wa": "Ha bia",
  },
  "polite": {
    "anyi": "bianunụ́",
    "i": "bianụ́",
    "m": "—",
    "o": "—",
    "unu": "biaenunụ́",
    "wa": "—",
  },
  "present": {
    "anyi": "Anyị na abia",
    "i": "Ị na abia",
    "m": "A na m abia",
    "o": "Ọ na abia",
    "unu": "Ụnụ na abia",
    "wa": "Ha na abia",
  },
  "presentPerfect": {
    "anyi": "Anyị abiaga",
    "i": "Ị bia",
    "m": "A bia m",
    "o": "Ọ bia",
    "unu": "Ụnụ abiaga",
    "wa": "Ha abiaga",
  },
  "subjunctive": {
    "anyi": "Anyị biae",
    "i": "Ị biae",
    "m": "A biae m",
    "o": "Ọ biae",
    "unu": "Ụnụ biae",
    "wa": "Ha biae",
  },
  "together": {
    "anyi": "Anyị ga abiakota",
    "i": "Ị ga abiakota",
    "m": "M ga abiakota",
    "o": "Ọ ga abiakota",
    "unu": "Ụnụ ga abiakota",
    "wa": "Ha ga abiakota",
  },
}
`;

exports[`generateConjugations — Central dialect ide (ide) 1`] = `
{
  "finished": {
    "anyi": "Anyị edesiga",
    "i": "Ị desi",
    "m": "E desi m",
    "o": "Ọ desi",
    "unu": "Ụnụ edesiga",
    "wa": "Ha edesiga",
  },
  "first": {
    "anyi": "denugode",
    "i": "deegode",
    "m": "—",
    "o": "—",
    "unu": "deenugode",
    "wa": "—",
  },
  "forSomeone": {
    "anyi": "denunye",
    "i": "deenye",
    "m": "—",
    "o": "—",
    "unu": "deenunye",
    "wa": "—",
  },
  "future": {
    "anyi": "Anyị ga ede",
    "i": "Ị ga ede",
    "m": "M ga ede",
    "o": "Ọ ga ede",
    "unu": "Ụnụ ga ede",
    "wa": "Ha ga ede",
  },
  "habitualPresent": {
    "anyi": "Anyị na edekari",
    "i": "Ị na edekari",
    "m": "E na m edekari",
    "o": "Ọ na edekari",
    "unu": "Ụnụ na edekari",
    "wa": "Ha na edekari",
  },
  "imperative": {
    "anyi": "denu",
    "i": "dee",
    "m": "—",
    "o": "—",
    "unu": "deenu",
    "wa": "—",
  },
  "negativeFuture": {
    "anyi": "Anyị ma de",
    "i": "Ị ma de",
    "m": "M ma de",
    "o": "Ọ ma de",
    "unu": "Ụnụ ma de",
    "wa": "Ha ma de",
  },
  "negativeImperative": {
    "anyi": "edene",
    "i": "edene",
    "m": "—",
    "o": "—",
    "unu": "edene",
    "wa": "—",
  },
  "negativePast": {
    "anyi": "Anyị e dene",
    "i": "Ị dene",
    "m": "E dene m",
    "o": "Ọ dene",
    "unu": "Ụnụ e dene",
    "wa": "Ha e dene",
  },
  "negativePerfect": {
    "anyi": "Anyị edị́ká ede",
    "i": "Ị dị́ká ede",
    "m": "E dị́ká m ede",
    "o": "Ọ dị́ká ede",
    "unu": "Ụnụ edị́ká ede",
    "wa": "Ha edị́ká ede",
  },
  "neverPerfect": {
    "anyi": "Anyị denene",
    "i": "Ị denene",
    "m": "E denene m",
    "o": "Ọ denene",
    "unu": "Ụnụ denene",
    "wa": "Ha denene",
  },
  "past": {
    "anyi": "Anyị de",
    "i": "Ị de",
    "m": "E de m",
    "o": "Ọ de",
    "unu": "Ụnụ de",
    "wa": "Ha de",
  },
  "polite": {
    "anyi": "denunụ́",
    "i": "deenụ́",
    "m": "—",
    "o": "—",
    "unu": "deenunụ́",
    "wa": "—",
  },
  "present": {
    "anyi": "Anyị na ede",
    "i": "Ị na ede",
    "m": "E na m ede",
    "o": "Ọ na ede",
    "unu": "Ụnụ na ede",
    "wa": "Ha na ede",
  },
  "presentPerfect": {
    "anyi": "Anyị edega",
    "i": "Ị de",
    "m": "E de m",
    "o": "Ọ de",
    "unu": "Ụnụ edega",
    "wa": "Ha edega",
  },
  "subjunctive": {
    "anyi": "Anyị dee",
    "i": "Ị dee",
    "m": "E dee m",
    "o": "Ọ dee",
    "unu": "Ụnụ dee",
    "wa": "Ha dee",
  },
  "together": {
    "anyi": "Anyị ga edekota",
    "i": "Ị ga edekota",
    "m": "M ga edekota",
    "o": "Ọ ga edekota",
    "unu": "Ụnụ ga edekota",
    "wa": "Ha ga edekota",
  },
}
`;

exports[`generateConjugations — Central dialect igbaOso (igba ọsọ) 1`] = `
{
  "finished": {
    "anyi": "Anyị agba ọsọsiga",
    "i": "Ị gba ọsọsi",
    "m": "A gba ọsọsi m",
    "o": "Ọ gba ọsọsi",
    "unu": "Ụnụ agba ọsọsiga",
    "wa": "Ha agba ọsọsiga",
  },
  "first": {
    "anyi": "gba ọsọnugode",
    "i": "gba ọsọagode",
    "m": "—",
    "o": "—",
    "unu": "gba ọsọenugode",
    "wa": "—",
  },
  "forSomeone": {
    "anyi": "gba ọsọnunye",
    "i": "gba ọsọanye",
    "m": "—",
    "o": "—",
    "unu": "gba ọsọenunye",
    "wa": "—",
  },
  "future": {
    "anyi": "Anyị ga agba ọsọ",
    "i": "Ị ga agba ọsọ",
    "m": "M ga agba ọsọ",
    "o": "Ọ ga agba ọsọ",
    "unu": "Ụnụ ga agba ọsọ",
    "wa": "Ha ga agba ọsọ",
  },
  "habitualPresent": {
    "anyi": "Anyị na agba ọsọkari",
    "i": "Ị na agba ọsọkari",
    "m": "A na m agba ọsọkari",
    "o": "Ọ na agba ọsọkari",
    "unu": "Ụnụ na agba ọsọkari",
    "wa": "Ha na agba ọsọkari",
  },
  "imperative": {
    "anyi": "gba ọsọnu",
    "i": "gba ọsọa",
    "m": "—",
    "o": "—",
    "unu": "gba ọsọenu",
    "wa": "—",
  },
  "negativeFuture": {
    "anyi": "Anyị ma gba ọsọ",
    "i": "Ị ma gba ọsọ",
    "m": "M ma gba ọsọ",
    "o": "Ọ ma gba ọsọ",
    "unu": "Ụnụ ma gba ọsọ",
    "wa": "Ha ma gba ọsọ",
  },
  "negativeImperative": {
    "anyi": "agba ọsọna",
    "i": "agba ọsọna",
    "m": "—",
    "o": "—",
    "unu": "agba ọsọna",
    "wa": "—",
  },
  "negativePast": {
    "anyi": "Anyị a gba ọsọna",
    "i": "Ị gba ọsọna",
    "m": "A gba ọsọna m",
    "o": "Ọ gba ọsọna",
    "unu": "Ụnụ a gba ọsọna",
    "wa": "Ha a gba ọsọna",
  },
  "negativePerfect": {
    "anyi": "Anyị adị́ká agba ọsọ",
    "i": "Ị dị́ká agba ọsọ",
    "m": "A dị́ká m agba ọsọ",
    "o": "Ọ dị́ká agba ọsọ",
    "unu": "Ụnụ adị́ká agba ọsọ",
    "wa": "Ha adị́ká agba ọsọ",
  },
  "neverPerfect": {
    "anyi": "Anyị gba ọsọnene",
    "i": "Ị gba ọsọnene",
    "m": "A gba ọsọnene m",
    "o": "Ọ gba ọsọnene",
    "unu": "Ụnụ gba ọsọnene",
    "wa": "Ha gba ọsọnene",
  },
  "past": {
    "anyi": "Anyị gba ọsọ",
    "i": "Ị gba ọsọ",
    "m": "A gba ọsọ m",
    "o": "Ọ gba ọsọ",
    "unu": "Ụnụ gba ọsọ",
    "wa": "Ha gba ọsọ",
  },
  "polite": {
    "anyi": "gba ọsọnunụ́",
    "i": "gba ọsọanụ́",
    "m": "—",
    "o": "—",
    "unu": "gba ọsọenunụ́",
    "wa": "—",
  },
  "present": {
    "anyi": "Anyị na agba ọsọ",
    "i": "Ị na agba ọsọ",
    "m": "A na m agba ọsọ",
    "o": "Ọ na agba ọsọ",
    "unu": "Ụnụ na agba ọsọ",
    "wa": "Ha na agba ọsọ",
  },
  "presentPerfect": {
    "anyi": "Anyị agba ọsọga",
    "i": "Ị gba ọsọ",
    "m": "A gba ọsọ m",
    "o": "Ọ gba ọsọ",
    "unu": "Ụnụ agba ọsọga",
    "wa": "Ha agba ọsọga",
  },
  "subjunctive": {
    "anyi": "Anyị gba ọsọe",
    "i": "Ị gba ọsọe",
    "m": "A gba ọsọe m",
    "o": "Ọ gba ọsọe",
    "unu": "Ụnụ gba ọsọe",
    "wa": "Ha gba ọsọe",
  },
  "together": {
    "anyi": "Anyị ga agba ọsọkota",
    "i": "Ị ga agba ọsọkota",
    "m": "M ga agba ọsọkota",
    "o": "Ọ ga agba ọsọkota",
    "unu": "Ụnụ ga agba ọsọkota",
    "wa": "Ha ga agba ọsọkota",
  },
}
`;

exports[`generateConjugations — Central dialect ikwu (ikwu) 1`] = `
{
  "finished": {
    "anyi": "Anyị ekwusiga",
    "i": "Ị kwusi",
    "m": "E kwusi m",
    "o": "Ọ kwusi",
    "unu": "Ụnụ ekwusiga",
    "wa": "Ha ekwusiga",
  },
  "first": {
    "anyi": "kwunugode",
    "i": "kwuegode",
    "m": "—",
    "o": "—",
    "unu": "kwuenugode",
    "wa": "—",
  },
  "forSomeone": {
    "anyi": "kwununye",
    "i": "kwuenye",
    "m": "—",
    "o": "—",
    "unu": "kwuenunye",
    "wa": "—",
  },
  "future": {
    "anyi": "Anyị ga ekwu",
    "i": "Ị ga ekwu",
    "m": "M ga ekwu",
    "o": "Ọ ga ekwu",
    "unu": "Ụnụ ga ekwu",
    "wa": "Ha ga ekwu",
  },
  "habitualPresent": {
    "anyi": "Anyị na ekwukari",
    "i": "Ị na ekwukari",
    "m": "E na m ekwukari",
    "o": "Ọ na ekwukari",
    "unu": "Ụnụ na ekwukari",
    "wa": "Ha na ekwukari",
  },
  "imperative": {
    "anyi": "kwunu",
    "i": "kwue",
    "m": "—",
    "o": "—",
    "unu": "kwuenu",
    "wa": "—",
  },
  "negativeFuture": {
    "anyi": "Anyị ma kwu",
    "i": "Ị ma kwu",
    "m": "M ma kwu",
    "o": "Ọ ma kwu",
    "unu": "Ụnụ ma kwu",
    "wa": "Ha ma kwu",
  },
  "negativeImperative": {
    "anyi": "ekwune",
    "i": "ekwune",
    "m": "—",
    "o": "—",
    "unu": "ekwune",
    "wa": "—",
  },
  "negativePast": {
    "anyi": "Anyị e kwune",
    "i": "Ị kwune",
    "m": "E kwune m",
    "o": "Ọ kwune",
    "unu": "Ụnụ e kwune",
    "wa": "Ha e kwune",
  },
  "negativePerfect": {
    "anyi": "Anyị edị́ká ekwu",
    "i": "Ị dị́ká ekwu",
    "m": "E dị́ká m ekwu",
    "o": "Ọ dị́ká ekwu",
    "unu": "Ụnụ edị́ká ekwu",
    "wa": "Ha edị́ká ekwu",
  },
  "neverPerfect": {
    "anyi": "Anyị kwunene",
    "i": "Ị kwunene",
    "m": "E kwunene m",
    "o": "Ọ kwunene",
    "unu": "Ụnụ kwunene",
    "wa": "Ha kwunene",
  },
  "past": {
    "anyi": "Anyị kwu",
    "i": "Ị kwu",
    "m": "E kwu m",
    "o": "Ọ kwu",
    "unu": "Ụnụ kwu",
    "wa": "Ha kwu",
  },
  "polite": {
    "anyi": "kwununụ́",
    "i": "kwuenụ́",
    "m": "—",
    "o": "—",
    "unu": "kwuenunụ́",
    "wa": "—",
  },
  "present": {
    "anyi": "Anyị na ekwu",
    "i": "Ị na ekwu",
    "m": "E na m ekwu",
    "o": "Ọ na ekwu",
    "unu": "Ụnụ na ekwu",
    "wa": "Ha na ekwu",
  },
  "presentPerfect": {
    "anyi": "Anyị ekwuga",
    "i": "Ị kwu",
    "m": "E kwu m",
    "o": "Ọ kwu",
    "unu": "Ụnụ ekwuga",
    "wa": "Ha ekwuga",
  },
  "subjunctive": {
    "anyi": "Anyị kwue",
    "i": "Ị kwue",
    "m": "E kwue m",
    "o": "Ọ kwue",
    "unu": "Ụnụ kwue",
    "wa": "Ha kwue",
  },
  "together": {
    "anyi": "Anyị ga ekwukota",
    "i": "Ị ga ekwukota",
    "m": "M ga ekwukota",
    "o": "Ọ ga ekwukota",
    "unu": "Ụnụ ga ekwukota",
    "wa": "Ha ga ekwukota",
  },
}
`;

exports[`generateConjugations — Central dialect iri (iri) 1`] = `
{
  "finished": {
    "anyi": "Anyị erisiga",
    "i": "Ị risi",
    "m": "E risi m",
    "o": "Ọ risi",
    "unu": "Ụnụ erisiga",
    "wa": "Ha erisiga",
  },
  "first": {
    "anyi": "rinugode",
    "i": "riegode",
    "m": "—",
    "o": "—",
    "unu": "rienugode",
    "wa": "—",
  },
  "forSomeone": {
    "anyi": "rinunye",
    "i": "rienye",
    "m": "—",
    "o": "—",
    "unu": "rienunye",
    "wa": "—",
  },
  "future": {
    "anyi": "Anyị ga eri",
    "i": "Ị ga eri",
    "m": "M ga eri",
    "o": "Ọ ga eri",
    "unu": "Ụnụ ga eri",
    "wa": "Ha ga eri",
  },
  "habitualPresent": {
    "anyi": "Anyị na erikari",
    "i": "Ị na erikari",
    "m": "E na m erikari",
    "o": "Ọ na erikari",
    "unu": "Ụnụ na erikari",
    "wa": "Ha na erikari",
  },
  "imperative": {
    "anyi": "rinu",
    "i": "rie",
    "m": "—",
    "o": "—",
    "unu": "rienu",
    "wa": "—",
  },
  "negativeFuture": {
    "anyi": "Anyị ma ri",
    "i": "Ị ma ri",
    "m": "M ma ri",
    "o": "Ọ ma ri",
    "unu": "Ụnụ ma ri",
    "wa": "Ha ma ri",
  },
  "negativeImperative": {
    "anyi": "erine",
    "i": "erine",
    "m": "—",
    "o": "—",
    "unu": "erine",
    "wa": "—",
  },
  "negativePast": {
    "anyi": "Anyị e rine",
    "i": "Ị rine",
    "m": "E rine m",
    "o": "Ọ rine",
    "unu": "Ụnụ e rine",
    "wa": "Ha e rine",
  },
  "negativePerfect": {
    "anyi": "Anyị edị́ká eri",
    "i": "Ị dị́ká eri",
    "m": "E dị́ká m eri",
    "o": "Ọ dị́ká eri",
    "unu": "Ụnụ edị́ká eri",
    "wa": "Ha edị́ká eri",
  },
  "neverPerfect": {
    "anyi": "Anyị rinene",
    "i": "Ị rinene",
    "m": "E rinene m",
    "o": "Ọ rinene",
    "unu": "Ụnụ rinene",
    "wa": "Ha rinene",
  },
  "past": {
    "anyi": "Anyị ri",
    "i": "Ị ri",
    "m": "E ri m",
    "o": "Ọ ri",
    "unu": "Ụnụ ri",
    "wa": "Ha ri",
  },
  "polite": {
    "anyi": "rinunụ́",
    "i": "rienụ́",
    "m": "—",
    "o": "—",
    "unu": "rienunụ́",
    "wa": "—",
  },
  "present": {
    "anyi": "Anyị na eri",
    "i": "Ị na eri",
    "m": "E na m eri",
    "o": "Ọ na eri",
    "unu": "Ụnụ na eri",
    "wa": "Ha na eri",
  },
  "presentPerfect": {
    "anyi": "Anyị eriga",
    "i": "Ị ri",
    "m": "E ri m",
    "o": "Ọ ri",
    "unu": "Ụnụ eriga",
    "wa": "Ha eriga",
  },
  "subjunctive": {
    "anyi": "Anyị rie",
    "i": "Ị rie",
    "m": "E rie m",
    "o": "Ọ rie",
    "unu": "Ụnụ rie",
    "wa": "Ha rie",
  },
  "together": {
    "anyi": "Anyị ga erikota",
    "i": "Ị ga erikota",
    "m": "M ga erikota",
    "o": "Ọ ga erikota",
    "unu": "Ụnụ ga erikota",
    "wa": "Ha ga erikota",
  },
}
`;

exports[`generateConjugations — Delta dialect ibia (ibia) 1`] = `
{
  "finished": {
    "anyi": "Anyi abiasiga",
    "i": "I biasi",
    "m": "A biasi m",
    "o": "O biasi",
    "unu": "Unu abiasiga",
    "wa": "Wa abiasiga",
  },
  "first": {
    "anyi": "bianugode",
    "i": "biagode",
    "m": "—",
    "o": "—",
    "unu": "biaenugode",
    "wa": "—",
  },
  "forSomeone": {
    "anyi": "bianunye",
    "i": "bianye",
    "m": "—",
    "o": "—",
    "unu": "biaenunye",
    "wa": "—",
  },
  "future": {
    "anyi": "Anyi ga abia",
    "i": "I ga abia",
    "m": "M ga abia",
    "o": "O ga abia",
    "unu": "Unu ga abia",
    "wa": "Wa ga abia",
  },
  "habitualPresent": {
    "anyi": "Anyi na abiakari",
    "i": "I na abiakari",
    "m": "A na m abiakari",
    "o": "O na abiakari",
    "unu": "Unu na abiakari",
    "wa": "Wa na abiakari",
  },
  "imperative": {
    "anyi": "bianu",
    "i": "bia",
    "m": "—",
    "o": "—",
    "unu": "biaenu",
    "wa": "—",
  },
  "negativeFuture": {
    "anyi": "Anyi ma bia",
    "i": "I ma bia",
    "m": "M ma bia",
    "o": "O ma bia",
    "unu": "Unu ma bia",
    "wa": "Wa ma bia",
  },
  "negativeImperative": {
    "anyi": "abiana",
    "i": "abiana",
    "m": "—",
    "o": "—",
    "unu": "abiana",
    "wa": "—",
  },
  "negativePast": {
    "anyi": "Anyi a biana",
    "i": "I biana",
    "m": "A biana m",
    "o": "O biana",
    "unu": "Unu a biana",
    "wa": "Wa a biana",
  },
  "negativePerfect": {
    "anyi": "Anyi adika abia",
    "i": "I dika abia",
    "m": "A dika m abia",
    "o": "O dika abia",
    "unu": "Unu adika abia",
    "wa": "Wa adika abia",
  },
  "neverPerfect": {
    "anyi": "Anyi bianene",
    "i": "I bianene",
    "m": "A bianene m",
    "o": "O bianene",
    "unu": "Unu bianene",
    "wa": "Wa bianene",
  },
  "past": {
    "anyi": "Anyi bia",
    "i": "I bia",
    "m": "A bia m",
    "o": "O bia",
    "unu": "Unu bia",
    "wa": "Wa bia",
  },
  "polite": {
    "anyi": "bianunụ́",
    "i": "bianụ́",
    "m": "—",
    "o": "—",
    "unu": "biaenunụ́",
    "wa": "—",
  },
  "present": {
    "anyi": "Anyi na abia",
    "i": "I na abia",
    "m": "A na m abia",
    "o": "O na abia",
    "unu": "Unu na abia",
    "wa": "Wa na abia",
  },
  "presentPerfect": {
    "anyi": "Anyi abiaga",
    "i": "I bia",
    "m": "A bia m",
    "o": "O bia",
    "unu": "Unu abiaga",
    "wa": "Wa abiaga",
  },
  "subjunctive": {
    "anyi": "Anyi biae",
    "i": "I biae",
    "m": "A biae m",
    "o": "O biae",
    "unu": "Unu biae",
    "wa": "Wa biae",
  },
  "together": {
    "anyi": "Anyi ga abiakota",
    "i": "I ga abiakota",
    "m": "M ga abiakota",
    "o": "O ga abiakota",
    "unu": "Unu ga abiakota",
    "wa": "Wa ga abiakota",
  },
}
`;

exports[`generateConjugations — Delta dialect ide (ide) 1`] = `
{
  "finished": {
    "anyi": "Anyi edesiga",
    "i": "I desi",
    "m": "E desi m",
    "o": "O desi",
    "unu": "Unu edesiga",
    "wa": "Wa edesiga",
  },
  "first": {
    "anyi": "denugode",
    "i": "deegode",
    "m": "—",
    "o": "—",
    "unu": "deenugode",
    "wa": "—",
  },
  "forSomeone": {
    "anyi": "denunye",
    "i": "deenye",
    "m": "—",
    "o": "—",
    "unu": "deenunye",
    "wa": "—",
  },
  "future": {
    "anyi": "Anyi ga ede",
    "i": "I ga ede",
    "m": "M ga ede",
    "o": "O ga ede",
    "unu": "Unu ga ede",
    "wa": "Wa ga ede",
  },
  "habitualPresent": {
    "anyi": "Anyi na edekari",
    "i": "I na edekari",
    "m": "E na m edekari",
    "o": "O na edekari",
    "unu": "Unu na edekari",
    "wa": "Wa na edekari",
  },
  "imperative": {
    "anyi": "denu",
    "i": "dee",
    "m": "—",
    "o": "—",
    "unu": "deenu",
    "wa": "—",
  },
  "negativeFuture": {
    "anyi": "Anyi ma de",
    "i": "I ma de",
    "m": "M ma de",
    "o": "O ma de",
    "unu": "Unu ma de",
    "wa": "Wa ma de",
  },
  "negativeImperative": {
    "anyi": "edene",
    "i": "edene",
    "m": "—",
    "o": "—",
    "unu": "edene",
    "wa": "—",
  },
  "negativePast": {
    "anyi": "Anyi e dene",
    "i": "I dene",
    "m": "E dene m",
    "o": "O dene",
    "unu": "Unu e dene",
    "wa": "Wa e dene",
  },
  "negativePerfect": {
    "anyi": "Anyi edika ede",
    "i": "I dika ede",
    "m": "E dika m ede",
    "o": "O dika ede",
    "unu": "Unu edika ede",
    "wa": "Wa edika ede",
  },
  "neverPerfect": {
    "anyi": "Anyi denene",
    "i": "I denene",
    "m": "E denene m",
    "o": "O denene",
    "unu": "Unu denene",
    "wa": "Wa denene",
  },
  "past": {
    "anyi": "Anyi de",
    "i": "I de",
    "m": "E de m",
    "o": "O de",
    "unu": "Unu de",
    "wa": "Wa de",
  },
  "polite": {
    "anyi": "denunụ́",
    "i": "deenụ́",
    "m": "—",
    "o": "—",
    "unu": "deenunụ́",
    "wa": "—",
  },
  "present": {
    "anyi": "Anyi na ede",
    "i": "I na ede",
    "m": "E na m ede",
    "o": "O na ede",
    "unu": "Unu na ede",
    "wa": "Wa na ede",
  },
  "presentPerfect": {
    "anyi": "Anyi edega",
    "i": "I de",
    "m": "E de m",
    "o": "O de",
    "unu": "Unu edega",
    "wa": "Wa edega",
  },
  "subjunctive": {
    "anyi": "Anyi dee",
    "i": "I dee",
    "m": "E dee m",
    "o": "O dee",
    "unu": "Unu dee",
    "wa": "Wa dee",
  },
  "together": {
    "anyi": "Anyi ga edekota",
    "i": "I ga edekota",
    "m": "M ga edekota",
    "o": "O ga edekota",
    "unu": "Unu ga edekota",
    "wa": "Wa ga edekota",
  },
}
`;

exports[`generateConjugations — Delta dialect igbaOso (igba ọsọ) 1`] = `
{
  "finished": {
    "anyi": "Anyi agba ọsọsiga",
    "i": "I gba ọsọsi",
    "m": "A gba ọsọsi m",
    "o": "O gba ọsọsi",
    "unu": "Unu agba ọsọsiga",
    "wa": "Wa agba ọsọsiga",
  },
  "first": {
    "anyi": "gba ọsọnugode",
    "i": "gba ọsọagode",
    "m": "—",
    "o": "—",
    "unu": "gba ọsọenugode",
    "wa": "—",
  },
  "forSomeone": {
    "anyi": "gba ọsọnunye",
    "i": "gba ọsọanye",
    "m": "—",
    "o": "—",
    "unu": "gba ọsọenunye",
    "wa": "—",
  },
  "future": {
    "anyi": "Anyi ga agba ọsọ",
    "i": "I ga agba ọsọ",
    "m": "M ga agba ọsọ",
    "o": "O ga agba ọsọ",
    "unu": "Unu ga agba ọsọ",
    "wa": "Wa ga agba ọsọ",
  },
  "habitualPresent": {
    "anyi": "Anyi na agba ọsọkari",
    "i": "I na agba ọsọkari",
    "m": "A na m agba ọsọkari",
    "o": "O na agba ọsọkari",
    "unu": "Unu na agba ọsọkari",
    "wa": "Wa na agba ọsọkari",
  },
  "imperative": {
    "anyi": "gba ọsọnu",
    "i": "gba ọsọa",
    "m": "—",
    "o": "—",
    "unu": "gba ọsọenu",
    "wa": "—",
  },
  "negativeFuture": {
    "anyi": "Anyi ma gba ọsọ",
    "i": "I ma gba ọsọ",
    "m": "M ma gba ọsọ",
    "o": "O ma gba ọsọ",
    "unu": "Unu ma gba ọsọ",
    "wa": "Wa ma gba ọsọ",
  },
  "negativeImperative": {
    "anyi": "agba ọsọna",
    "i": "agba ọsọna",
    "m": "—",
    "o": "—",
    "unu": "agba ọsọna",
    "wa": "—",
  },
  "negativePast": {
    "anyi": "Anyi a gba ọsọna",
    "i": "I gba ọsọna",
    "m": "A gba ọsọna m",
    "o": "O gba ọsọna",
    "unu": "Unu a gba ọsọna",
    "wa": "Wa a gba ọsọna",
  },
  "negativePerfect": {
    "anyi": "Anyi adika agba ọsọ",
    "i": "I dika agba ọsọ",
    "m": "A dika m agba ọsọ",
    "o": "O dika agba ọsọ",
    "unu": "Unu adika agba ọsọ",
    "wa": "Wa adika agba ọsọ",
  },
  "neverPerfect": {
    "anyi": "Anyi gba ọsọnene",
    "i": "I gba ọsọnene",
    "m": "A gba ọsọnene m",
    "o": "O gba ọsọnene",
    "unu": "Unu gba ọsọnene",
    "wa": "Wa gba ọsọnene",
  },
  "past": {
    "anyi": "Anyi gba ọsọ",
    "i": "I gba ọsọ",
    "m": "A gba ọsọ m",
    "o": "O gba ọsọ",
    "unu": "Unu gba ọsọ",
    "wa": "Wa gba ọsọ",
  },
  "polite": {
    "anyi": "gba ọsọnunụ́",
    "i": "gba ọsọanụ́",
    "m": "—",
    "o": "—",
    "unu": "gba ọsọenunụ́",
    "wa": "—",
  },
  "present": {
    "anyi": "Anyi na agba ọsọ",
    "i": "I na agba ọsọ",
    "m": "A na m agba ọsọ",
    "o": "O na agba ọsọ",
    "unu": "Unu na agba ọsọ",
    "wa": "Wa na agba ọsọ",
  },
  "presentPerfect": {
    "anyi": "Anyi agba ọsọga",
    "i": "I gba ọsọ",
    "m": "A gba ọsọ m",
    "o": "O gba ọsọ",
    "unu": "Unu agba ọsọga",
    "wa": "Wa agba ọsọga",
  },
  "subjunctive": {
    "anyi": "Anyi gba ọsọe",
    "i": "I gba ọsọe",
    "m": "A gba ọsọe m",
    "o": "O gba ọsọe",
    "unu": "Unu gba ọsọe",
    "wa": "Wa gba ọsọe",
  },
  "together": {
    "anyi": "Anyi ga agba ọsọkota",
    "i": "I ga agba ọsọkota",
    "m": "M ga agba ọsọkota",
    "o": "O ga agba ọsọkota",
    "unu": "Unu ga agba ọsọkota",
    "wa": "Wa ga agba ọsọkota",
  },
}
`;

exports[`generateConjugations — Delta dialect ikwu (ikwu) 1`] = `
{
  "finished": {
    "anyi": "Anyi ekwusiga",
    "i": "I kwusi",
    "m": "E kwusi m",
    "o": "O kwusi",
    "unu": "Unu ekwusiga",
    "wa": "Wa ekwusiga",
  },
  "first": {
    "anyi": "kwunugode",
    "i": "kwuegode",
    "m": "—",
    "o": "—",
    "unu": "kwuenugode",
    "wa": "—",
  },
  "forSomeone": {
    "anyi": "kwununye",
    "i": "kwuenye",
    "m": "—",
    "o": "—",
    "unu": "kwuenunye",
    "wa": "—",
  },
  "future": {
    "anyi": "Anyi ga ekwu",
    "i": "I ga ekwu",
    "m": "M ga ekwu",
    "o": "O ga ekwu",
    "unu": "Unu ga ekwu",
    "wa": "Wa ga ekwu",
  },
  "habitualPresent": {
    "anyi": "Anyi na ekwukari",
    "i": "I na ekwukari",
    "m": "E na m ekwukari",
    "o": "O na ekwukari",
    "unu": "Unu na ekwukari",
    "wa": "Wa na ekwukari",
  },
  "imperative": {
    "anyi": "kwunu",
    "i": "kwue",
    "m": "—",
    "o": "—",
    "unu": "kwuenu",
    "wa": "—",
  },
  "negativeFuture": {
    "anyi": "Anyi ma kwu",
    "i": "I ma kwu",
    "m": "M ma kwu",
    "o": "O ma kwu",
    "unu": "Unu ma kwu",
    "wa": "Wa ma kwu",
  },
  "negativeImperative": {
    "anyi": "ekwune",
    "i": "ekwune",
    "m": "—",
    "o": "—",
    "unu": "ekwune",
    "wa": "—",
  },
  "negativePast": {
    "anyi": "Anyi e kwune",
    "i": "I kwune",
    "m": "E kwune m",
    "o": "O kwune",
    "unu": "Unu e kwune",
    "wa": "Wa e kwune",
  },
  "negativePerfect": {
    "anyi": "Anyi edika ekwu",
    "i": "I dika ekwu",
    "m": "E dika m ekwu",
    "o": "O dika ekwu",
    "unu": "Unu edika ekwu",
    "wa": "Wa edika ekwu",
  },
  "neverPerfect": {
    "anyi": "Anyi kwunene",
    "i": "I kwunene",
    "m": "E kwunene m",
    "o": "O kwunene",
    "unu": "Unu kwunene",
    "wa": "Wa kwunene",
  },
  "past": {
    "anyi": "Anyi kwu",
    "i": "I kwu",
    "m": "E kwu m",
    "o": "O kwu",
    "unu": "Unu kwu",
    "wa": "Wa kwu",
  },
  "polite": {
    "anyi": "kwununụ́",
    "i": "kwuenụ́",
    "m": "—",
    "o": "—",
    "unu": "kwuenunụ́",
    "wa": "—",
  },
  "present": {
    "anyi": "Anyi na ekwu",
    "i": "I na ekwu",
    "m": "E na m ekwu",
    "o": "O na ekwu",
    "unu": "Unu na ekwu",
    "wa": "Wa na ekwu",
  },
  "presentPerfect": {
    "anyi": "Anyi ekwuga",
    "i": "I kwu",
    "m": "E kwu m",
    "o": "O kwu",
    "unu": "Unu ekwuga",
    "wa": "Wa ekwuga",
  },
  "subjunctive": {
    "anyi": "Anyi kwue",
    "i": "I kwue",
    "m": "E kwue m",
    "o": "O kwue",
    "unu": "Unu kwue",
    "wa": "Wa kwue",
  },
  "together": {
    "anyi": "Anyi ga ekwukota",
    "i": "I ga ekwukota",
    "m": "M ga ekwukota",
    "o": "O ga ekwukota",
    "unu": "Unu ga ekwukota",
    "wa": "Wa ga ekwukota",
  },
}
`;

exports[`generateConjugations — Delta dialect iri (iri) 1`] = `
{
  "finished": {
    "anyi": "Anyi erisiga",
    "i": "I risi",
    "m": "E risi m",
    "o": "O risi",
    "unu": "Unu erisiga",
    "wa": "Wa erisiga",
  },
  "first": {
    "anyi": "rinugode",
    "i": "riegode",
    "m": "—",
    "o": "—",
    "unu": "rienugode",
    "wa": "—",
  },
  "forSomeone": {
    "anyi": "rinunye",
    "i": "rienye",
    "m": "—",
    "o": "—",
    "unu": "rienunye",
    "wa": "—",
  },
  "future": {
    "anyi": "Anyi ga eri",
    "i": "I ga eri",
    "m": "M ga eri",
    "o": "O ga eri",
    "unu": "Unu ga eri",
    "wa": "Wa ga eri",
  },
  "habitualPresent": {
    "anyi": "Anyi na erikari",
    "i": "I na erikari",
    "m": "E na m erikari",
    "o": "O na erikari",
    "unu": "Unu na erikari",
    "wa": "Wa na erikari",
  },
  "imperative": {
    "anyi": "rinu",
    "i": "rie",
    "m": "—",
    "o": "—",
    "unu": "rienu",
    "wa": "—",
  },
  "negativeFuture": {
    "anyi": "Anyi ma ri",
    "i": "I ma ri",
    "m": "M ma ri",
    "o": "O ma ri",
    "unu": "Unu ma ri",
    "wa": "Wa ma ri",
  },
  "negativeImperative": {
    "anyi": "erine",
    "i": "erine",
    "m": "—",
    "o": "—",
    "unu": "erine",
    "wa": "—",
  },
  "negativePast": {
    "anyi": "Anyi e rine",
    "i": "I rine",
    "m": "E rine m",
    "o": "O rine",
    "unu": "Unu e rine",
    "wa": "Wa e rine",
  },
  "negativePerfect": {
    "anyi": "Anyi edika eri",
    "i": "I dika eri",
    "m": "E dika m eri",
    "o": "O dika eri",
    "unu": "Unu edika eri",
    "wa": "Wa edika eri",
  },
  "neverPerfect": {
    "anyi": "Anyi rinene",
    "i": "I rinene",
    "m": "E rinene m",
    "o": "O rinene",
    "unu": "Unu rinene",
    "wa": "Wa rinene",
  },
  "past": {
    "anyi": "Anyi ri",
    "i": "I ri",
    "m": "E ri m",
    "o": "O ri",
    "unu": "Unu ri",
    "wa": "Wa ri",
  },
  "polite": {
    "anyi": "rinunụ́",
    "i": "rienụ́",
    "m": "—",
    "o": "—",
    "unu": "rienunụ́",
    "wa": "—",
  },
  "present": {
    "anyi": "Anyi na eri",
    "i": "I na eri",
    "m": "E na m eri",
    "o": "O na eri",
    "unu": "Unu na eri",
    "wa": "Wa na eri",
  },
  "presentPerfect": {
    "anyi": "Anyi eriga",
    "i": "I ri",
    "m": "E ri m",
    "o": "O ri",
    "unu": "Unu eriga",
    "wa": "Wa eriga",
  },
  "subjunctive": {
    "anyi": "Anyi rie",
    "i": "I rie",
    "m": "E rie m",
    "o": "O rie",
    "unu": "Unu rie",
    "wa": "Wa rie",
  },
  "together": {
    "anyi": "Anyi ga erikota",
    "i": "I ga erikota",
    "m": "M ga erikota",
    "o": "O ga erikota",
    "unu": "Unu ga erikota",
    "wa": "Wa ga erikota",
  },
}
`;
